MSBuild version 18.8.2+ce25c0108 for .NET Framework

  1>Checking Build System
  Building Custom Rule C:/Projects/StrixVerse/Client/CMakeLists.txt
  main.cpp
  Application.cpp
  Config.cpp
  Engine.cpp
  Game.cpp
C:\Projects\StrixVerse\Client\src\main.cpp(1,1): error C1041: cannot open program database 'C:\Projects\StrixVerse\Client\build\debug\StrixVerseClient.dir\Debug\vc145.pdb'; if multiple CL.EXE write to the same .PDB file, please use /FS [C:\Projects\StrixVerse\Client\build\debug\StrixVerseClient.vcxproj]
C:\Projects\StrixVerse\Client\src\core\Application.cpp(1,1): error C1041: cannot open program database 'C:\Projects\StrixVerse\Client\build\debug\StrixVerseClient.dir\Debug\vc145.pdb'; if multiple CL.EXE write to the same .PDB file, please use /FS [C:\Projects\StrixVerse\Client\build\debug\StrixVerseClient.vcxproj]
C:\Projects\StrixVerse\Client\src\core\Config.cpp(1,1): error C1041: cannot open program database 'C:\Projects\StrixVerse\Client\build\debug\StrixVerseClient.dir\Debug\vc145.pdb'; if multiple CL.EXE write to the same .PDB file, please use /FS [C:\Projects\StrixVerse\Client\build\debug\StrixVerseClient.vcxproj]
C:\Projects\StrixVerse\Client\src\core\Engine.cpp(1,1): error C1041: cannot open program database 'C:\Projects\StrixVerse\Client\build\debug\StrixVerseClient.dir\Debug\vc145.pdb'; if multiple CL.EXE write to the same .PDB file, please use /FS [C:\Projects\StrixVerse\Client\build\debug\StrixVerseClient.vcxproj]
C:\Projects\StrixVerse\Client\src\core\Game.cpp(1,1): error C1041: cannot open program database 'C:\Projects\StrixVerse\Client\build\debug\StrixVerseClient.dir\Debug\vc145.pdb'; if multiple CL.EXE write to the same .PDB file, please use /FS [C:\Projects\StrixVerse\Client\build\debug\StrixVerseClient.vcxproj]
  Logger.cpp
C:\Projects\StrixVerse\Client\src\core\Logger.cpp(1,1): error C1041: cannot open program database 'C:\Projects\StrixVerse\Client\build\debug\StrixVerseClient.dir\Debug\vc145.pdb'; if multiple CL.EXE write to the same .PDB file, please use /FS [C:\Projects\StrixVerse\Client\build\debug\StrixVerseClient.vcxproj]
  ThreadPool.cpp
C:\Projects\StrixVerse\Client\src\core\ThreadPool.cpp(1,1): error C1041: cannot open program database 'C:\Projects\StrixVerse\Client\build\debug\StrixVerseClient.dir\Debug\vc145.pdb'; if multiple CL.EXE write to the same .PDB file, please use /FS [C:\Projects\StrixVerse\Client\build\debug\StrixVerseClient.vcxproj]
  Timer.cpp
C:\Projects\StrixVerse\Client\src\core\Timer.cpp(1,1): error C1041: cannot open program database 'C:\Projects\StrixVerse\Client\build\debug\StrixVerseClient.dir\Debug\vc145.pdb'; if multiple CL.EXE write to the same .PDB file, please use /FS [C:\Projects\StrixVerse\Client\build\debug\StrixVerseClient.vcxproj]
  Version.cpp
C:\Projects\StrixVerse\Client\src\core\Version.cpp(1,1): error C1041: cannot open program database 'C:\Projects\StrixVerse\Client\build\debug\StrixVerseClient.dir\Debug\vc145.pdb'; if multiple CL.EXE write to the same .PDB file, please use /FS [C:\Projects\StrixVerse\Client\build\debug\StrixVerseClient.vcxproj]
  Window.cpp
C:\Projects\StrixVerse\Client\src\core\Window.cpp(1,1): error C1041: cannot open program database 'C:\Projects\StrixVerse\Client\build\debug\StrixVerseClient.dir\Debug\vc145.pdb'; if multiple CL.EXE write to the same .PDB file, please use /FS [C:\Projects\StrixVerse\Client\build\debug\StrixVerseClient.vcxproj]
  Scheduler.cpp
C:\Projects\StrixVerse\Client\src\core\Scheduler.cpp(1,1): error C1041: cannot open program database 'C:\Projects\StrixVerse\Client\build\debug\StrixVerseClient.dir\Debug\vc145.pdb'; if multiple CL.EXE write to the same .PDB file, please use /FS [C:\Projects\StrixVerse\Client\build\debug\StrixVerseClient.vcxproj]
  AuthService.cpp
C:\Projects\StrixVerse\Client\src\core\AuthService.cpp(1,1): error C1041: cannot open program database 'C:\Projects\StrixVerse\Client\build\debug\StrixVerseClient.dir\Debug\vc145.pdb'; if multiple CL.EXE write to the same .PDB file, please use /FS [C:\Projects\StrixVerse\Client\build\debug\StrixVerseClient.vcxproj]
  WorldManager.cpp
C:\Projects\StrixVerse\Client\src\core\WorldManager.cpp(1,1): error C1041: cannot open program database 'C:\Projects\StrixVerse\Client\build\debug\StrixVerseClient.dir\Debug\vc145.pdb'; if multiple CL.EXE write to the same .PDB file, please use /FS [C:\Projects\StrixVerse\Client\build\debug\StrixVerseClient.vcxproj]
  AssetManager.cpp
C:\Projects\StrixVerse\Client\src\core\AssetManager.cpp(1,1): error C1041: cannot open program database 'C:\Projects\StrixVerse\Client\build\debug\StrixVerseClient.dir\Debug\vc145.pdb'; if multiple CL.EXE write to the same .PDB file, please use /FS [C:\Projects\StrixVerse\Client\build\debug\StrixVerseClient.vcxproj]
  Tile.cpp
C:\Projects\StrixVerse\Client\src\core\world\Tile.cpp(1,1): error C1041: cannot open program database 'C:\Projects\StrixVerse\Client\build\debug\StrixVerseClient.dir\Debug\vc145.pdb'; if multiple CL.EXE write to the same .PDB file, please use /FS [C:\Projects\StrixVerse\Client\build\debug\StrixVerseClient.vcxproj]
  Chunk.cpp
C:\Projects\StrixVerse\Client\src\core\world\Chunk.cpp(1,1): error C1041: cannot open program database 'C:\Projects\StrixVerse\Client\build\debug\StrixVerseClient.dir\Debug\vc145.pdb'; if multiple CL.EXE write to the same .PDB file, please use /FS [C:\Projects\StrixVerse\Client\build\debug\StrixVerseClient.vcxproj]
  World.cpp
C:\Projects\StrixVerse\Client\src\core\world\World.cpp(1,1): error C1041: cannot open program database 'C:\Projects\StrixVerse\Client\build\debug\StrixVerseClient.dir\Debug\vc145.pdb'; if multiple CL.EXE write to the same .PDB file, please use /FS [C:\Projects\StrixVerse\Client\build\debug\StrixVerseClient.vcxproj]
  Animation.cpp
C:\Projects\StrixVerse\Client\src\graphics\Animation.cpp(1,1): error C1041: cannot open program database 'C:\Projects\StrixVerse\Client\build\debug\StrixVerseClient.dir\Debug\vc145.pdb'; if multiple CL.EXE write to the same .PDB file, please use /FS [C:\Projects\StrixVerse\Client\build\debug\StrixVerseClient.vcxproj]
  Camera2D.cpp
C:\Projects\StrixVerse\Client\src\graphics\Camera2D.cpp(1,1): error C1041: cannot open program database 'C:\Projects\StrixVerse\Client\build\debug\StrixVerseClient.dir\Debug\vc145.pdb'; if multiple CL.EXE write to the same .PDB file, please use /FS [C:\Projects\StrixVerse\Client\build\debug\StrixVerseClient.vcxproj]
  Camera.cpp
C:\Projects\StrixVerse\Client\src\graphics\Camera.cpp(1,1): error C1041: cannot open program database 'C:\Projects\StrixVerse\Client\build\debug\StrixVerseClient.dir\Debug\vc145.pdb'; if multiple CL.EXE write to the same .PDB file, please use /FS [C:\Projects\StrixVerse\Client\build\debug\StrixVerseClient.vcxproj]
  Generating Code...
  Compiling...
  Color.cpp
C:\Projects\StrixVerse\Client\src\graphics\Color.cpp(1,1): error C1041: cannot open program database 'C:\Projects\StrixVerse\Client\build\debug\StrixVerseClient.dir\Debug\vc145.pdb'; if multiple CL.EXE write to the same .PDB file, please use /FS [C:\Projects\StrixVerse\Client\build\debug\StrixVerseClient.vcxproj]
  Font.cpp
C:\Projects\StrixVerse\Client\src\graphics\Font.cpp(1,1): error C1041: cannot open program database 'C:\Projects\StrixVerse\Client\build\debug\StrixVerseClient.dir\Debug\vc145.pdb'; if multiple CL.EXE write to the same .PDB file, please use /FS [C:\Projects\StrixVerse\Client\build\debug\StrixVerseClient.vcxproj]
  FrameBuffer.cpp
C:\Projects\StrixVerse\Client\src\graphics\FrameBuffer.cpp(1,1): error C1041: cannot open program database 'C:\Projects\StrixVerse\Client\build\debug\StrixVerseClient.dir\Debug\vc145.pdb'; if multiple CL.EXE write to the same .PDB file, please use /FS [C:\Projects\StrixVerse\Client\build\debug\StrixVerseClient.vcxproj]
  Mesh.cpp
C:\Projects\StrixVerse\Client\src\graphics\Mesh.cpp(1,1): error C1041: cannot open program database 'C:\Projects\StrixVerse\Client\build\debug\StrixVerseClient.dir\Debug\vc145.pdb'; if multiple CL.EXE write to the same .PDB file, please use /FS [C:\Projects\StrixVerse\Client\build\debug\StrixVerseClient.vcxproj]
  Renderer.cpp
C:\Projects\StrixVerse\Client\src\graphics\Renderer.cpp(1,1): error C1041: cannot open program database 'C:\Projects\StrixVerse\Client\build\debug\StrixVerseClient.dir\Debug\vc145.pdb'; if multiple CL.EXE write to the same .PDB file, please use /FS [C:\Projects\StrixVerse\Client\build\debug\StrixVerseClient.vcxproj]
  RenderTarget.cpp
C:\Projects\StrixVerse\Client\src\graphics\RenderTarget.cpp(1,1): error C1041: cannot open program database 'C:\Projects\StrixVerse\Client\build\debug\StrixVerseClient.dir\Debug\vc145.pdb'; if multiple CL.EXE write to the same .PDB file, please use /FS [C:\Projects\StrixVerse\Client\build\debug\StrixVerseClient.vcxproj]
  Shader.cpp
C:\Projects\StrixVerse\Client\src\graphics\Shader.cpp(1,1): error C1041: cannot open program database 'C:\Projects\StrixVerse\Client\build\debug\StrixVerseClient.dir\Debug\vc145.pdb'; if multiple CL.EXE write to the same .PDB file, please use /FS [C:\Projects\StrixVerse\Client\build\debug\StrixVerseClient.vcxproj]
  SpriteBatch.cpp
C:\Projects\StrixVerse\Client\src\graphics\SpriteBatch.cpp(1,1): error C1041: cannot open program database 'C:\Projects\StrixVerse\Client\build\debug\StrixVerseClient.dir\Debug\vc145.pdb'; if multiple CL.EXE write to the same .PDB file, please use /FS [C:\Projects\StrixVerse\Client\build\debug\StrixVerseClient.vcxproj]
  Texture.cpp
C:\Projects\StrixVerse\Client\src\graphics\Texture.cpp(1,1): error C1041: cannot open program database 'C:\Projects\StrixVerse\Client\build\debug\StrixVerseClient.dir\Debug\vc145.pdb'; if multiple CL.EXE write to the same .PDB file, please use /FS [C:\Projects\StrixVerse\Client\build\debug\StrixVerseClient.vcxproj]
  Vertex.cpp
C:\Projects\StrixVerse\Client\src\graphics\Vertex.cpp(1,1): error C1041: cannot open program database 'C:\Projects\StrixVerse\Client\build\debug\StrixVerseClient.dir\Debug\vc145.pdb'; if multiple CL.EXE write to the same .PDB file, please use /FS [C:\Projects\StrixVerse\Client\build\debug\StrixVerseClient.vcxproj]
  GLContext.cpp
C:\Projects\StrixVerse\Client\src\graphics\OpenGL\GLContext.cpp(1,1): error C1041: cannot open program database 'C:\Projects\StrixVerse\Client\build\debug\StrixVerseClient.dir\Debug\vc145.pdb'; if multiple CL.EXE write to the same .PDB file, please use /FS [C:\Projects\StrixVerse\Client\build\debug\StrixVerseClient.vcxproj]
  Connection.cpp
C:\Projects\StrixVerse\Client\src\networking\Connection.cpp(1,1): error C1041: cannot open program database 'C:\Projects\StrixVerse\Client\build\debug\StrixVerseClient.dir\Debug\vc145.pdb'; if multiple CL.EXE write to the same .PDB file, please use /FS [C:\Projects\StrixVerse\Client\build\debug\StrixVerseClient.vcxproj]
  NetworkManager.cpp
C:\Projects\StrixVerse\Client\src\networking\NetworkManager.cpp(1,1): error C1041: cannot open program database 'C:\Projects\StrixVerse\Client\build\debug\StrixVerseClient.dir\Debug\vc145.pdb'; if multiple CL.EXE write to the same .PDB file, please use /FS [C:\Projects\StrixVerse\Client\build\debug\StrixVerseClient.vcxproj]
  Packet.cpp
C:\Projects\StrixVerse\Client\src\networking\Packet.cpp(1,1): error C1041: cannot open program database 'C:\Projects\StrixVerse\Client\build\debug\StrixVerseClient.dir\Debug\vc145.pdb'; if multiple CL.EXE write to the same .PDB file, please use /FS [C:\Projects\StrixVerse\Client\build\debug\StrixVerseClient.vcxproj]
  PacketBuffer.cpp
C:\Projects\StrixVerse\Client\src\networking\PacketBuffer.cpp(1,1): error C1041: cannot open program database 'C:\Projects\StrixVerse\Client\build\debug\StrixVerseClient.dir\Debug\vc145.pdb'; if multiple CL.EXE write to the same .PDB file, please use /FS [C:\Projects\StrixVerse\Client\build\debug\StrixVerseClient.vcxproj]
  PacketFactory.cpp
C:\Projects\StrixVerse\Client\src\networking\PacketFactory.cpp(1,1): error C1041: cannot open program database 'C:\Projects\StrixVerse\Client\build\debug\StrixVerseClient.dir\Debug\vc145.pdb'; if multiple CL.EXE write to the same .PDB file, please use /FS [C:\Projects\StrixVerse\Client\build\debug\StrixVerseClient.vcxproj]
  PacketDispatcher.cpp
C:\Projects\StrixVerse\Client\src\networking\PacketDispatcher.cpp(1,1): error C1041: cannot open program database 'C:\Projects\StrixVerse\Client\build\debug\StrixVerseClient.dir\Debug\vc145.pdb'; if multiple CL.EXE write to the same .PDB file, please use /FS [C:\Projects\StrixVerse\Client\build\debug\StrixVerseClient.vcxproj]
  PacketRegistry.cpp
C:\Projects\StrixVerse\Client\src\networking\PacketRegistry.cpp(1,1): error C1041: cannot open program database 'C:\Projects\StrixVerse\Client\build\debug\StrixVerseClient.dir\Debug\vc145.pdb'; if multiple CL.EXE write to the same .PDB file, please use /FS [C:\Projects\StrixVerse\Client\build\debug\StrixVerseClient.vcxproj]
  PacketReader.cpp
C:\Projects\StrixVerse\Client\src\networking\PacketReader.cpp(1,1): error C1041: cannot open program database 'C:\Projects\StrixVerse\Client\build\debug\StrixVerseClient.dir\Debug\vc145.pdb'; if multiple CL.EXE write to the same .PDB file, please use /FS [C:\Projects\StrixVerse\Client\build\debug\StrixVerseClient.vcxproj]
  PacketSender.cpp
C:\Projects\StrixVerse\Client\src\networking\PacketSender.cpp(1,1): error C1041: cannot open program database 'C:\Projects\StrixVerse\Client\build\debug\StrixVerseClient.dir\Debug\vc145.pdb'; if multiple CL.EXE write to the same .PDB file, please use /FS [C:\Projects\StrixVerse\Client\build\debug\StrixVerseClient.vcxproj]
  Generating Code...
  Compiling...
  PacketHandler.cpp
C:\Projects\StrixVerse\Client\src\networking\PacketHandler.cpp(1,1): error C1041: cannot open program database 'C:\Projects\StrixVerse\Client\build\debug\StrixVerseClient.dir\Debug\vc145.pdb'; if multiple CL.EXE write to the same .PDB file, please use /FS [C:\Projects\StrixVerse\Client\build\debug\StrixVerseClient.vcxproj]
  PacketWriter.cpp
C:\Projects\StrixVerse\Client\src\networking\PacketWriter.cpp(1,1): error C1041: cannot open program database 'C:\Projects\StrixVerse\Client\build\debug\StrixVerseClient.dir\Debug\vc145.pdb'; if multiple CL.EXE write to the same .PDB file, please use /FS [C:\Projects\StrixVerse\Client\build\debug\StrixVerseClient.vcxproj]
  CharacterPacket.cpp
C:\Projects\StrixVerse\Client\src\networking\CharacterPacket.cpp(1,1): error C1041: cannot open program database 'C:\Projects\StrixVerse\Client\build\debug\StrixVerseClient.dir\Debug\vc145.pdb'; if multiple CL.EXE write to the same .PDB file, please use /FS [C:\Projects\StrixVerse\Client\build\debug\StrixVerseClient.vcxproj]
  HandshakePacket.cpp
C:\Projects\StrixVerse\Client\src\networking\HandshakePacket.cpp(1,1): error C1041: cannot open program database 'C:\Projects\StrixVerse\Client\build\debug\StrixVerseClient.dir\Debug\vc145.pdb'; if multiple CL.EXE write to the same .PDB file, please use /FS [C:\Projects\StrixVerse\Client\build\debug\StrixVerseClient.vcxproj]
  KeepAlive.cpp
C:\Projects\StrixVerse\Client\src\networking\KeepAlive.cpp(1,1): error C1041: cannot open program database 'C:\Projects\StrixVerse\Client\build\debug\StrixVerseClient.dir\Debug\vc145.pdb'; if multiple CL.EXE write to the same .PDB file, please use /FS [C:\Projects\StrixVerse\Client\build\debug\StrixVerseClient.vcxproj]
  KeepAlivePacket.cpp
C:\Projects\StrixVerse\Client\src\networking\KeepAlivePacket.cpp(1,1): error C1041: cannot open program database 'C:\Projects\StrixVerse\Client\build\debug\StrixVerseClient.dir\Debug\vc145.pdb'; if multiple CL.EXE write to the same .PDB file, please use /FS [C:\Projects\StrixVerse\Client\build\debug\StrixVerseClient.vcxproj]
  LoginPacket.cpp
C:\Projects\StrixVerse\Client\src\networking\LoginPacket.cpp(1,1): error C1041: cannot open program database 'C:\Projects\StrixVerse\Client\build\debug\StrixVerseClient.dir\Debug\vc145.pdb'; if multiple CL.EXE write to the same .PDB file, please use /FS [C:\Projects\StrixVerse\Client\build\debug\StrixVerseClient.vcxproj]
  LoginResultPacket.cpp
C:\Projects\StrixVerse\Client\src\networking\LoginResultPacket.cpp(1,1): error C1041: cannot open program database 'C:\Projects\StrixVerse\Client\build\debug\StrixVerseClient.dir\Debug\vc145.pdb'; if multiple CL.EXE write to the same .PDB file, please use /FS [C:\Projects\StrixVerse\Client\build\debug\StrixVerseClient.vcxproj]
  NetworkStatistics.cpp
C:\Projects\StrixVerse\Client\src\networking\NetworkStatistics.cpp(1,1): error C1041: cannot open program database 'C:\Projects\StrixVerse\Client\build\debug\StrixVerseClient.dir\Debug\vc145.pdb'; if multiple CL.EXE write to the same .PDB file, please use /FS [C:\Projects\StrixVerse\Client\build\debug\StrixVerseClient.vcxproj]
  PingManager.cpp
C:\Projects\StrixVerse\Client\src\networking\PingManager.cpp(1,1): error C1041: cannot open program database 'C:\Projects\StrixVerse\Client\build\debug\StrixVerseClient.dir\Debug\vc145.pdb'; if multiple CL.EXE write to the same .PDB file, please use /FS [C:\Projects\StrixVerse\Client\build\debug\StrixVerseClient.vcxproj]
  PingPacket.cpp
C:\Projects\StrixVerse\Client\src\networking\PingPacket.cpp(1,1): error C1041: cannot open program database 'C:\Projects\StrixVerse\Client\build\debug\StrixVerseClient.dir\Debug\vc145.pdb'; if multiple CL.EXE write to the same .PDB file, please use /FS [C:\Projects\StrixVerse\Client\build\debug\StrixVerseClient.vcxproj]
  PongPacket.cpp
C:\Projects\StrixVerse\Client\src\networking\PongPacket.cpp(1,1): error C1041: cannot open program database 'C:\Projects\StrixVerse\Client\build\debug\StrixVerseClient.dir\Debug\vc145.pdb'; if multiple CL.EXE write to the same .PDB file, please use /FS [C:\Projects\StrixVerse\Client\build\debug\StrixVerseClient.vcxproj]
  PlayerMovePacket.cpp
C:\Projects\StrixVerse\Client\src\networking\PlayerMovePacket.cpp(1,1): error C1041: cannot open program database 'C:\Projects\StrixVerse\Client\build\debug\StrixVerseClient.dir\Debug\vc145.pdb'; if multiple CL.EXE write to the same .PDB file, please use /FS [C:\Projects\StrixVerse\Client\build\debug\StrixVerseClient.vcxproj]
  PlayerRemovePacket.cpp
C:\Projects\StrixVerse\Client\src\networking\PlayerRemovePacket.cpp(1,1): error C1041: cannot open program database 'C:\Projects\StrixVerse\Client\build\debug\StrixVerseClient.dir\Debug\vc145.pdb'; if multiple CL.EXE write to the same .PDB file, please use /FS [C:\Projects\StrixVerse\Client\build\debug\StrixVerseClient.vcxproj]
  PlayerSpawnPacket.cpp
C:\Projects\StrixVerse\Client\src\networking\PlayerSpawnPacket.cpp(1,1): error C1041: cannot open program database 'C:\Projects\StrixVerse\Client\build\debug\StrixVerseClient.dir\Debug\vc145.pdb'; if multiple CL.EXE write to the same .PDB file, please use /FS [C:\Projects\StrixVerse\Client\build\debug\StrixVerseClient.vcxproj]
  PlayerStatePacket.cpp
C:\Projects\StrixVerse\Client\src\networking\PlayerStatePacket.cpp(1,1): error C1041: cannot open program database 'C:\Projects\StrixVerse\Client\build\debug\StrixVerseClient.dir\Debug\vc145.pdb'; if multiple CL.EXE write to the same .PDB file, please use /FS [C:\Projects\StrixVerse\Client\build\debug\StrixVerseClient.vcxproj]
  RegisterPacket.cpp
C:\Projects\StrixVerse\Client\src\networking\RegisterPacket.cpp(1,1): error C1041: cannot open program database 'C:\Projects\StrixVerse\Client\build\debug\StrixVerseClient.dir\Debug\vc145.pdb'; if multiple CL.EXE write to the same .PDB file, please use /FS [C:\Projects\StrixVerse\Client\build\debug\StrixVerseClient.vcxproj]
  SessionPacket.cpp
C:\Projects\StrixVerse\Client\src\networking\SessionPacket.cpp(1,1): error C1041: cannot open program database 'C:\Projects\StrixVerse\Client\build\debug\StrixVerseClient.dir\Debug\vc145.pdb'; if multiple CL.EXE write to the same .PDB file, please use /FS [C:\Projects\StrixVerse\Client\build\debug\StrixVerseClient.vcxproj]
  Entity.cpp
C:\Projects\StrixVerse\Client\src\ecs\Entity.cpp(1,1): error C1041: cannot open program database 'C:\Projects\StrixVerse\Client\build\debug\StrixVerseClient.dir\Debug\vc145.pdb'; if multiple CL.EXE write to the same .PDB file, please use /FS [C:\Projects\StrixVerse\Client\build\debug\StrixVerseClient.vcxproj]
  EntityManager.cpp
C:\Projects\StrixVerse\Client\src\ecs\EntityManager.cpp(1,1): error C1041: cannot open program database 'C:\Projects\StrixVerse\Client\build\debug\StrixVerseClient.dir\Debug\vc145.pdb'; if multiple CL.EXE write to the same .PDB file, please use /FS [C:\Projects\StrixVerse\Client\build\debug\StrixVerseClient.vcxproj]
  Generating Code...
  Compiling...
  ComponentManager.cpp
C:\Projects\StrixVerse\Client\src\ecs\ComponentManager.cpp(1,1): error C1041: cannot open program database 'C:\Projects\StrixVerse\Client\build\debug\StrixVerseClient.dir\Debug\vc145.pdb'; if multiple CL.EXE write to the same .PDB file, please use /FS [C:\Projects\StrixVerse\Client\build\debug\StrixVerseClient.vcxproj]
  SystemManager.cpp
C:\Projects\StrixVerse\Client\src\ecs\SystemManager.cpp(1,1): error C1041: cannot open program database 'C:\Projects\StrixVerse\Client\build\debug\StrixVerseClient.dir\Debug\vc145.pdb'; if multiple CL.EXE write to the same .PDB file, please use /FS [C:\Projects\StrixVerse\Client\build\debug\StrixVerseClient.vcxproj]
  MovementSystem.cpp
C:\Projects\StrixVerse\Client\src\ecs\MovementSystem.cpp(1,1): error C1041: cannot open program database 'C:\Projects\StrixVerse\Client\build\debug\StrixVerseClient.dir\Debug\vc145.pdb'; if multiple CL.EXE write to the same .PDB file, please use /FS [C:\Projects\StrixVerse\Client\build\debug\StrixVerseClient.vcxproj]
  InputSystem.cpp
C:\Projects\StrixVerse\Client\src\ecs\InputSystem.cpp(1,1): error C1041: cannot open program database 'C:\Projects\StrixVerse\Client\build\debug\StrixVerseClient.dir\Debug\vc145.pdb'; if multiple CL.EXE write to the same .PDB file, please use /FS [C:\Projects\StrixVerse\Client\build\debug\StrixVerseClient.vcxproj]
  NetworkSyncSystem.cpp
C:\Projects\StrixVerse\Client\src\ecs\NetworkSyncSystem.cpp(1,1): error C1041: cannot open program database 'C:\Projects\StrixVerse\Client\build\debug\StrixVerseClient.dir\Debug\vc145.pdb'; if multiple CL.EXE write to the same .PDB file, please use /FS [C:\Projects\StrixVerse\Client\build\debug\StrixVerseClient.vcxproj]
  PlayerSystem.cpp
C:\Projects\StrixVerse\Client\src\ecs\PlayerSystem.cpp(1,1): error C1041: cannot open program database 'C:\Projects\StrixVerse\Client\build\debug\StrixVerseClient.dir\Debug\vc145.pdb'; if multiple CL.EXE write to the same .PDB file, please use /FS [C:\Projects\StrixVerse\Client\build\debug\StrixVerseClient.vcxproj]
  RenderSystem.cpp
C:\Projects\StrixVerse\Client\src\ecs\RenderSystem.cpp(1,1): error C1041: cannot open program database 'C:\Projects\StrixVerse\Client\build\debug\StrixVerseClient.dir\Debug\vc145.pdb'; if multiple CL.EXE write to the same .PDB file, please use /FS [C:\Projects\StrixVerse\Client\build\debug\StrixVerseClient.vcxproj]
  TileRendererSystem.cpp
C:\Projects\StrixVerse\Client\src\ecs\TileRendererSystem.cpp(1,1): error C1041: cannot open program database 'C:\Projects\StrixVerse\Client\build\debug\StrixVerseClient.dir\Debug\vc145.pdb'; if multiple CL.EXE write to the same .PDB file, please use /FS [C:\Projects\StrixVerse\Client\build\debug\StrixVerseClient.vcxproj]
  Camera2DSystem.cpp
C:\Projects\StrixVerse\Client\src\ecs\Camera2DSystem.cpp(1,1): error C1041: cannot open program database 'C:\Projects\StrixVerse\Client\build\debug\StrixVerseClient.dir\Debug\vc145.pdb'; if multiple CL.EXE write to the same .PDB file, please use /FS [C:\Projects\StrixVerse\Client\build\debug\StrixVerseClient.vcxproj]
  UIElement.cpp
C:\Projects\StrixVerse\Client\src\ui\UIElement.cpp(1,1): error C1041: cannot open program database 'C:\Projects\StrixVerse\Client\build\debug\StrixVerseClient.dir\Debug\vc145.pdb'; if multiple CL.EXE write to the same .PDB file, please use /FS [C:\Projects\StrixVerse\Client\build\debug\StrixVerseClient.vcxproj]
  UIManager.cpp
C:\Projects\StrixVerse\Client\src\ui\UIManager.cpp(1,1): error C1041: cannot open program database 'C:\Projects\StrixVerse\Client\build\debug\StrixVerseClient.dir\Debug\vc145.pdb'; if multiple CL.EXE write to the same .PDB file, please use /FS [C:\Projects\StrixVerse\Client\build\debug\StrixVerseClient.vcxproj]
  UIPanel.cpp
C:\Projects\StrixVerse\Client\src\ui\UIPanel.cpp(1,1): error C1041: cannot open program database 'C:\Projects\StrixVerse\Client\build\debug\StrixVerseClient.dir\Debug\vc145.pdb'; if multiple CL.EXE write to the same .PDB file, please use /FS [C:\Projects\StrixVerse\Client\build\debug\StrixVerseClient.vcxproj]
  UIButton.cpp
C:\Projects\StrixVerse\Client\src\ui\UIButton.cpp(1,1): error C1041: cannot open program database 'C:\Projects\StrixVerse\Client\build\debug\StrixVerseClient.dir\Debug\vc145.pdb'; if multiple CL.EXE write to the same .PDB file, please use /FS [C:\Projects\StrixVerse\Client\build\debug\StrixVerseClient.vcxproj]
  UITextBox.cpp
C:\Projects\StrixVerse\Client\src\ui\UITextBox.cpp(1,1): error C1041: cannot open program database 'C:\Projects\StrixVerse\Client\build\debug\StrixVerseClient.dir\Debug\vc145.pdb'; if multiple CL.EXE write to the same .PDB file, please use /FS [C:\Projects\StrixVerse\Client\build\debug\StrixVerseClient.vcxproj]
  UIImage.cpp
C:\Projects\StrixVerse\Client\src\ui\UIImage.cpp(1,1): error C1041: cannot open program database 'C:\Projects\StrixVerse\Client\build\debug\StrixVerseClient.dir\Debug\vc145.pdb'; if multiple CL.EXE write to the same .PDB file, please use /FS [C:\Projects\StrixVerse\Client\build\debug\StrixVerseClient.vcxproj]
  UILabel.cpp
C:\Projects\StrixVerse\Client\src\ui\UILabel.cpp(1,1): error C1041: cannot open program database 'C:\Projects\StrixVerse\Client\build\debug\StrixVerseClient.dir\Debug\vc145.pdb'; if multiple CL.EXE write to the same .PDB file, please use /FS [C:\Projects\StrixVerse\Client\build\debug\StrixVerseClient.vcxproj]
  Screen.cpp
C:\Projects\StrixVerse\Client\src\screens\Screen.cpp(1,1): error C1041: cannot open program database 'C:\Projects\StrixVerse\Client\build\debug\StrixVerseClient.dir\Debug\vc145.pdb'; if multiple CL.EXE write to the same .PDB file, please use /FS [C:\Projects\StrixVerse\Client\build\debug\StrixVerseClient.vcxproj]
  ScreenFactory.cpp
C:\Projects\StrixVerse\Client\src\screens\ScreenFactory.cpp(1,1): error C1041: cannot open program database 'C:\Projects\StrixVerse\Client\build\debug\StrixVerseClient.dir\Debug\vc145.pdb'; if multiple CL.EXE write to the same .PDB file, please use /FS [C:\Projects\StrixVerse\Client\build\debug\StrixVerseClient.vcxproj]
  SplashScreen.cpp
C:\Projects\StrixVerse\Client\src\screens\SplashScreen.cpp(1,1): error C1041: cannot open program database 'C:\Projects\StrixVerse\Client\build\debug\StrixVerseClient.dir\Debug\vc145.pdb'; if multiple CL.EXE write to the same .PDB file, please use /FS [C:\Projects\StrixVerse\Client\build\debug\StrixVerseClient.vcxproj]
  LoadingScreen.cpp
C:\Projects\StrixVerse\Client\src\screens\LoadingScreen.cpp(1,1): error C1041: cannot open program database 'C:\Projects\StrixVerse\Client\build\debug\StrixVerseClient.dir\Debug\vc145.pdb'; if multiple CL.EXE write to the same .PDB file, please use /FS [C:\Projects\StrixVerse\Client\build\debug\StrixVerseClient.vcxproj]
  Generating Code...
  Compiling...
  LoginScreen.cpp
C:\Projects\StrixVerse\Client\src\screens\LoginScreen.cpp(1,1): error C1041: cannot open program database 'C:\Projects\StrixVerse\Client\build\debug\StrixVerseClient.dir\Debug\vc145.pdb'; if multiple CL.EXE write to the same .PDB file, please use /FS [C:\Projects\StrixVerse\Client\build\debug\StrixVerseClient.vcxproj]
  RegisterScreen.cpp
C:\Projects\StrixVerse\Client\src\screens\RegisterScreen.cpp(1,1): error C1041: cannot open program database 'C:\Projects\StrixVerse\Client\build\debug\StrixVerseClient.dir\Debug\vc145.pdb'; if multiple CL.EXE write to the same .PDB file, please use /FS [C:\Projects\StrixVerse\Client\build\debug\StrixVerseClient.vcxproj]
  ContinueScreen.cpp
C:\Projects\StrixVerse\Client\src\screens\ContinueScreen.cpp(1,1): error C1041: cannot open program database 'C:\Projects\StrixVerse\Client\build\debug\StrixVerseClient.dir\Debug\vc145.pdb'; if multiple CL.EXE write to the same .PDB file, please use /FS [C:\Projects\StrixVerse\Client\build\debug\StrixVerseClient.vcxproj]
  WorldBrowserScreen.cpp
C:\Projects\StrixVerse\Client\src\screens\WorldBrowserScreen.cpp(1,1): error C1041: cannot open program database 'C:\Projects\StrixVerse\Client\build\debug\StrixVerseClient.dir\Debug\vc145.pdb'; if multiple CL.EXE write to the same .PDB file, please use /FS [C:\Projects\StrixVerse\Client\build\debug\StrixVerseClient.vcxproj]
  SettingsScreen.cpp
C:\Projects\StrixVerse\Client\src\screens\SettingsScreen.cpp(1,1): error C1041: cannot open program database 'C:\Projects\StrixVerse\Client\build\debug\StrixVerseClient.dir\Debug\vc145.pdb'; if multiple CL.EXE write to the same .PDB file, please use /FS [C:\Projects\StrixVerse\Client\build\debug\StrixVerseClient.vcxproj]
  GameScreen.cpp
C:\Projects\StrixVerse\Client\src\screens\GameScreen.cpp(1,1): error C1041: cannot open program database 'C:\Projects\StrixVerse\Client\build\debug\StrixVerseClient.dir\Debug\vc145.pdb'; if multiple CL.EXE write to the same .PDB file, please use /FS [C:\Projects\StrixVerse\Client\build\debug\StrixVerseClient.vcxproj]
  HUD.cpp
C:\Projects\StrixVerse\Client\src\hud\HUD.cpp(1,1): error C1041: cannot open program database 'C:\Projects\StrixVerse\Client\build\debug\StrixVerseClient.dir\Debug\vc145.pdb'; if multiple CL.EXE write to the same .PDB file, please use /FS [C:\Projects\StrixVerse\Client\build\debug\StrixVerseClient.vcxproj]
  Generating Code...
