[2026-08-17 16:45:25] [INFO] =================================
[2026-08-17 16:45:25] [INFO] Starting StrixVerse Client
[2026-08-17 16:45:25] [INFO] StrixVerse 0.1.0 (build 0, commit bcd03e4, Aug 16 2026 13:57:52)
[2026-08-17 16:45:25] [INFO] =================================
[2026-08-17 16:45:26] [INFO] Window created with OpenGL context.
[2026-08-17 16:45:26] [INFO] Shader program created successfully from source code
[2026-08-17 16:45:26] [INFO] UIRenderer: initialised.
[2026-08-17 16:45:26] [DEBUG] Font: loaded 'assets/fonts/PressStart2P-Regular.ttf' at 12px (204 glyphs, 256x256 atlas).
[2026-08-17 16:45:26] [DEBUG] Font: loaded 'assets/fonts/PressStart2P-Regular.ttf' at 14px (204 glyphs, 256x256 atlas).
[2026-08-17 16:45:26] [DEBUG] Font: loaded 'assets/fonts/PressStart2P-Regular.ttf' at 16px (204 glyphs, 256x256 atlas).
[2026-08-17 16:45:26] [DEBUG] Font: loaded 'assets/fonts/PressStart2P-Regular.ttf' at 19px (204 glyphs, 256x256 atlas).
[2026-08-17 16:45:26] [DEBUG] Font: loaded 'assets/fonts/PressStart2P-Regular.ttf' at 21px (204 glyphs, 512x512 atlas).
[2026-08-17 16:45:26] [DEBUG] Font: loaded 'assets/fonts/PressStart2P-Regular.ttf' at 23px (204 glyphs, 512x512 atlas).
[2026-08-17 16:45:26] [DEBUG] Font: loaded 'assets/fonts/PressStart2P-Regular.ttf' at 26px (204 glyphs, 512x512 atlas).
[2026-08-17 16:45:26] [DEBUG] Font: loaded 'assets/fonts/PressStart2P-Regular.ttf' at 28px (204 glyphs, 512x512 atlas).
[2026-08-17 16:45:26] [DEBUG] Font: loaded 'assets/fonts/PressStart2P-Regular.ttf' at 31px (204 glyphs, 512x512 atlas).
[2026-08-17 16:45:26] [DEBUG] Font: loaded 'assets/fonts/PressStart2P-Regular.ttf' at 38px (204 glyphs, 512x512 atlas).
[2026-08-17 16:45:26] [DEBUG] Font: loaded 'assets/fonts/PressStart2P-Regular.ttf' at 56px (204 glyphs, 1024x1024 atlas).
[2026-08-17 16:45:26] [DEBUG] Font: loaded 'assets/fonts/PressStart2P-Regular.ttf' at 61px (204 glyphs, 1024x1024 atlas).
[2026-08-17 16:45:26] [DEBUG] Font: loaded 'assets/fonts/PressStart2P-Regular.ttf' at 103px (204 glyphs, 2048x2048 atlas).
[2026-08-17 16:45:26] [INFO] UIFonts: 'Press Start 2P' ready (13 sizes).
[2026-08-17 16:45:26] [DEBUG] Font: loaded 'assets/fonts/VT323-Regular.ttf' at 28px (198 glyphs, 256x256 atlas).
[2026-08-17 16:45:26] [DEBUG] Font: loaded 'assets/fonts/VT323-Regular.ttf' at 31px (198 glyphs, 256x256 atlas).
[2026-08-17 16:45:26] [DEBUG] Font: loaded 'assets/fonts/VT323-Regular.ttf' at 33px (198 glyphs, 256x256 atlas).
[2026-08-17 16:45:26] [DEBUG] Font: loaded 'assets/fonts/VT323-Regular.ttf' at 35px (198 glyphs, 256x256 atlas).
[2026-08-17 16:45:26] [DEBUG] Font: loaded 'assets/fonts/VT323-Regular.ttf' at 38px (198 glyphs, 256x256 atlas).
[2026-08-17 16:45:26] [DEBUG] Font: loaded 'assets/fonts/VT323-Regular.ttf' at 42px (198 glyphs, 512x512 atlas).
[2026-08-17 16:45:26] [DEBUG] Font: loaded 'assets/fonts/VT323-Regular.ttf' at 47px (198 glyphs, 512x512 atlas).
[2026-08-17 16:45:26] [DEBUG] Font: loaded 'assets/fonts/VT323-Regular.ttf' at 52px (198 glyphs, 512x512 atlas).
[2026-08-17 16:45:26] [INFO] UIFonts: 'VT323' ready (9 sizes).
[2026-08-17 16:45:26] [DEBUG] Font: loaded 'assets/fonts/ShareTechMono-Regular.ttf' at 21px (198 glyphs, 256x256 atlas).
[2026-08-17 16:45:26] [DEBUG] Font: loaded 'assets/fonts/ShareTechMono-Regular.ttf' at 23px (198 glyphs, 256x256 atlas).
[2026-08-17 16:45:26] [DEBUG] Font: loaded 'assets/fonts/ShareTechMono-Regular.ttf' at 26px (198 glyphs, 256x256 atlas).
[2026-08-17 16:45:26] [INFO] UIFonts: 'Share Tech Mono' ready (3 sizes).
[2026-08-17 16:45:26] [INFO] PlayerSystem: Initialized
[2026-08-17 16:45:26] [INFO] CollisionSystem: Initialized
[2026-08-17 16:45:26] [INFO] TileRendererSystem: dirt is using the server sprite
[2026-08-17 16:45:26] [INFO] TileRendererSystem: initialised
[2026-08-17 16:45:26] [INFO] World: Created new world instance
[2026-08-17 16:45:26] [INFO] NetworkManager: initialised.
[2026-08-17 16:45:26] [INFO] AudioManager: playing 'assets/audio/music/Beyond_the_Iron_Gate(Splash).ogg' (44100 Hz, 2 ch, 30.8s)
[2026-08-17 16:45:26] [INFO] Engine initialized.
[2026-08-17 16:45:26] [INFO] Client initialized.
[2026-08-17 16:45:26] [INFO] Engine: Starting main loop
[2026-08-17 16:45:46] [INFO] Engine: connecting to 127.0.0.1:17091...
[2026-08-17 16:45:46] [INFO] Connection: connected to 127.0.0.1:17091
[2026-08-17 16:45:46] [INFO] AuthService: login requested for user: pl230908
[2026-08-17 16:45:46] [INFO] NetworkManager: session established for 'pl230908' (player 1).
[2026-08-17 16:45:46] [INFO] AuthService: server authenticated 'pl230908' (player 1).
[2026-08-17 16:46:05] [INFO] WorldManager: saved world 'moveworld' to C:\Projects\StrixVerse\Client\bin\Debug\saves\world_save.txt
[2026-08-17 16:46:05] [INFO] NetworkManager: server placed us in world 'MOVEWORLD'.
[2026-08-17 16:46:05] [INFO] NetworkManager: stats - level 1, xp 0, hp 100/100.
[2026-08-17 16:46:05] [INFO] NetworkManager: inventory synced, 3 occupied slot(s).
[2026-08-17 16:46:06] [INFO] World: Created new world instance
[2026-08-17 16:46:06] [INFO] WorldManager: loaded world 'moveworld' from C:\Projects\StrixVerse\Client\bin\Debug\saves\world_save.txt
[2026-08-17 16:46:06] [INFO] LoadingScreen: world data restored for 'moveworld'
[2026-08-17 16:46:06] [INFO] World: Destroyed world instance
[2026-08-17 16:46:06] [INFO] WorldManager: saved world 'moveworld' to C:\Projects\StrixVerse\Client\bin\Debug\saves\world_save.txt
[2026-08-17 16:46:08] [INFO] HUD initialized
[2026-08-17 16:46:08] [INFO] World: Created new world instance
[2026-08-17 16:46:08] [DEBUG] Chunk: Generated random chunk terrain
[2026-08-17 16:46:08] [DEBUG] Chunk: Generated random chunk terrain
[2026-08-17 16:46:08] [DEBUG] Chunk: Generated random chunk terrain
[2026-08-17 16:46:08] [DEBUG] Chunk: Generated random chunk terrain
[2026-08-17 16:46:08] [DEBUG] Chunk: Generated random chunk terrain
[2026-08-17 16:46:08] [DEBUG] Chunk: Generated random chunk terrain
[2026-08-17 16:46:08] [DEBUG] Chunk: Generated random chunk terrain
[2026-08-17 16:46:08] [DEBUG] Chunk: Generated random chunk terrain
[2026-08-17 16:46:08] [DEBUG] Chunk: Generated random chunk terrain
[2026-08-17 16:46:08] [DEBUG] Chunk: Generated random chunk terrain
[2026-08-17 16:46:08] [DEBUG] Chunk: Generated random chunk terrain
[2026-08-17 16:46:08] [DEBUG] Chunk: Generated random chunk terrain
[2026-08-17 16:46:08] [DEBUG] Chunk: Generated random chunk terrain
[2026-08-17 16:46:08] [DEBUG] Chunk: Generated random chunk terrain
[2026-08-17 16:46:08] [DEBUG] Chunk: Generated random chunk terrain
[2026-08-17 16:46:08] [DEBUG] Chunk: Generated random chunk terrain
[2026-08-17 16:46:08] [DEBUG] Chunk: Generated random chunk terrain
[2026-08-17 16:46:08] [DEBUG] Chunk: Generated random chunk terrain
[2026-08-17 16:46:08] [DEBUG] Chunk: Generated random chunk terrain
[2026-08-17 16:46:08] [DEBUG] Chunk: Generated random chunk terrain
[2026-08-17 16:46:08] [DEBUG] Chunk: Generated random chunk terrain
[2026-08-17 16:46:08] [DEBUG] Chunk: Generated random chunk terrain
[2026-08-17 16:46:08] [DEBUG] Chunk: Generated random chunk terrain
[2026-08-17 16:46:08] [DEBUG] Chunk: Generated random chunk terrain
[2026-08-17 16:46:08] [DEBUG] Chunk: Generated random chunk terrain
[2026-08-17 16:46:08] [DEBUG] Chunk: Generated random chunk terrain
[2026-08-17 16:46:08] [DEBUG] Chunk: Generated random chunk terrain
[2026-08-17 16:46:08] [DEBUG] Chunk: Generated random chunk terrain
[2026-08-17 16:46:08] [INFO] World: Generated new world 7x4x1 chunks
[2026-08-17 16:46:08] [INFO] GameScreen: built world from 28 server chunk(s), 4811 solid tile(s)
[2026-08-17 16:46:08] [INFO] GameScreen: entered 'moveworld' (112 x 64 tiles)
[2026-08-17 16:46:08] [INFO] GameScreen: spawned player entity 9999 with camera 9998
[2026-08-17 16:46:08] [INFO] GameScreen: 'pl230908' (id 1) spawned at tile 50.0,42.0
[2026-08-17 16:46:08] [INFO] Shader program created successfully from source code
[2026-08-17 16:46:08] [INFO] NetworkManager: inventory synced, 3 occupied slot(s).
[2026-08-17 16:46:23] [INFO] GameScreen: paused at tile 45.0,42.0
[2026-08-17 16:46:25] [INFO] GameScreen: resumed at tile 45.0,42.0
[2026-08-17 16:46:35] [INFO] GameScreen: paused at tile 44.0,42.0
[2026-08-17 16:46:36] [INFO] GameScreen: resumed at tile 44.0,42.0
[2026-08-17 16:46:38] [INFO] GameScreen: landed at tile Y 42 - left ground at 42, rose 2, fell 2
[2026-08-17 16:46:40] [INFO] GameScreen: paused at tile 44.0,42.0
[2026-08-17 16:46:41] [INFO] GameScreen: resumed at tile 44.0,42.0
[2026-08-17 16:46:43] [INFO] GameScreen: landed at tile Y 41 - left ground at 42, rose 0, fell 1
[2026-08-17 16:46:47] [INFO] GameScreen: paused at tile 44.0,41.0
[2026-08-17 16:46:48] [INFO] GameScreen: resumed at tile 44.0,41.0
[2026-08-17 16:46:49] [INFO] NetworkManager: inventory synced, 3 occupied slot(s).
[2026-08-17 16:46:50] [INFO] GameScreen: landed at tile Y 40 - left ground at 41, rose 0, fell 1
[2026-08-17 16:46:53] [INFO] NetworkManager: inventory synced, 3 occupied slot(s).
[2026-08-17 16:46:53] [INFO] GameScreen: landed at tile Y 39 - left ground at 40, rose 0, fell 1
[2026-08-17 16:46:57] [INFO] GameScreen: paused at tile 44.0,39.0
[2026-08-17 16:46:58] [INFO] GameScreen: resumed at tile 44.0,39.0
[2026-08-17 18:48:37] [INFO] =================================
[2026-08-17 18:48:37] [INFO] Starting StrixVerse Client
[2026-08-17 18:48:37] [INFO] StrixVerse 0.1.0 (build 0, commit bcd03e4, Aug 16 2026 13:57:52)
[2026-08-17 18:48:37] [INFO] =================================
[2026-08-17 18:48:37] [INFO] Window created with OpenGL context.
[2026-08-17 18:48:37] [INFO] Shader program created successfully from source code
[2026-08-17 18:48:37] [INFO] UIRenderer: initialised.
[2026-08-17 18:48:37] [DEBUG] Font: loaded 'assets/fonts/PressStart2P-Regular.ttf' at 12px (204 glyphs, 256x256 atlas).
[2026-08-17 18:48:37] [DEBUG] Font: loaded 'assets/fonts/PressStart2P-Regular.ttf' at 14px (204 glyphs, 256x256 atlas).
[2026-08-17 18:48:37] [DEBUG] Font: loaded 'assets/fonts/PressStart2P-Regular.ttf' at 16px (204 glyphs, 256x256 atlas).
[2026-08-17 18:48:37] [DEBUG] Font: loaded 'assets/fonts/PressStart2P-Regular.ttf' at 19px (204 glyphs, 256x256 atlas).
[2026-08-17 18:48:37] [DEBUG] Font: loaded 'assets/fonts/PressStart2P-Regular.ttf' at 21px (204 glyphs, 512x512 atlas).
[2026-08-17 18:48:37] [DEBUG] Font: loaded 'assets/fonts/PressStart2P-Regular.ttf' at 23px (204 glyphs, 512x512 atlas).
[2026-08-17 18:48:37] [DEBUG] Font: loaded 'assets/fonts/PressStart2P-Regular.ttf' at 26px (204 glyphs, 512x512 atlas).
[2026-08-17 18:48:37] [DEBUG] Font: loaded 'assets/fonts/PressStart2P-Regular.ttf' at 28px (204 glyphs, 512x512 atlas).
[2026-08-17 18:48:37] [DEBUG] Font: loaded 'assets/fonts/PressStart2P-Regular.ttf' at 31px (204 glyphs, 512x512 atlas).
[2026-08-17 18:48:37] [DEBUG] Font: loaded 'assets/fonts/PressStart2P-Regular.ttf' at 38px (204 glyphs, 512x512 atlas).
[2026-08-17 18:48:37] [DEBUG] Font: loaded 'assets/fonts/PressStart2P-Regular.ttf' at 56px (204 glyphs, 1024x1024 atlas).
[2026-08-17 18:48:37] [DEBUG] Font: loaded 'assets/fonts/PressStart2P-Regular.ttf' at 61px (204 glyphs, 1024x1024 atlas).
[2026-08-17 18:48:37] [DEBUG] Font: loaded 'assets/fonts/PressStart2P-Regular.ttf' at 103px (204 glyphs, 2048x2048 atlas).
[2026-08-17 18:48:37] [INFO] UIFonts: 'Press Start 2P' ready (13 sizes).
[2026-08-17 18:48:37] [DEBUG] Font: loaded 'assets/fonts/VT323-Regular.ttf' at 28px (198 glyphs, 256x256 atlas).
[2026-08-17 18:48:37] [DEBUG] Font: loaded 'assets/fonts/VT323-Regular.ttf' at 31px (198 glyphs, 256x256 atlas).
[2026-08-17 18:48:37] [DEBUG] Font: loaded 'assets/fonts/VT323-Regular.ttf' at 33px (198 glyphs, 256x256 atlas).
[2026-08-17 18:48:37] [DEBUG] Font: loaded 'assets/fonts/VT323-Regular.ttf' at 35px (198 glyphs, 256x256 atlas).
[2026-08-17 18:48:37] [DEBUG] Font: loaded 'assets/fonts/VT323-Regular.ttf' at 38px (198 glyphs, 256x256 atlas).
[2026-08-17 18:48:37] [DEBUG] Font: loaded 'assets/fonts/VT323-Regular.ttf' at 42px (198 glyphs, 512x512 atlas).
[2026-08-17 18:48:37] [DEBUG] Font: loaded 'assets/fonts/VT323-Regular.ttf' at 47px (198 glyphs, 512x512 atlas).
[2026-08-17 18:48:37] [DEBUG] Font: loaded 'assets/fonts/VT323-Regular.ttf' at 52px (198 glyphs, 512x512 atlas).
[2026-08-17 18:48:37] [INFO] UIFonts: 'VT323' ready (9 sizes).
[2026-08-17 18:48:37] [DEBUG] Font: loaded 'assets/fonts/ShareTechMono-Regular.ttf' at 21px (198 glyphs, 256x256 atlas).
[2026-08-17 18:48:37] [DEBUG] Font: loaded 'assets/fonts/ShareTechMono-Regular.ttf' at 23px (198 glyphs, 256x256 atlas).
[2026-08-17 18:48:37] [DEBUG] Font: loaded 'assets/fonts/ShareTechMono-Regular.ttf' at 26px (198 glyphs, 256x256 atlas).
[2026-08-17 18:48:37] [INFO] UIFonts: 'Share Tech Mono' ready (3 sizes).
[2026-08-17 18:48:37] [INFO] PlayerSystem: Initialized
[2026-08-17 18:48:37] [INFO] CollisionSystem: Initialized
[2026-08-17 18:48:37] [INFO] TileRendererSystem: dirt is using the server sprite
[2026-08-17 18:48:37] [INFO] TileRendererSystem: initialised
[2026-08-17 18:48:37] [INFO] World: Created new world instance
[2026-08-17 18:48:37] [INFO] NetworkManager: initialised.
[2026-08-17 18:48:38] [INFO] AudioManager: playing 'assets/audio/music/Beyond_the_Iron_Gate(Splash).ogg' (44100 Hz, 2 ch, 30.8s)
[2026-08-17 18:48:38] [INFO] Engine initialized.
[2026-08-17 18:48:38] [INFO] Client initialized.
[2026-08-17 18:48:38] [INFO] Engine: Starting main loop
[2026-08-17 18:48:49] [INFO] Engine: connecting to 127.0.0.1:17091...
[2026-08-17 18:49:04] [INFO] Engine: connecting to 127.0.0.1:17091...
[2026-08-17 18:49:04] [INFO] Connection: connected to 127.0.0.1:17091
[2026-08-17 18:49:04] [INFO] AuthService: login requested for user: yuzaki
[2026-08-17 18:49:04] [INFO] NetworkManager: session established for 'yuzaki' (player 1).
[2026-08-17 18:49:04] [INFO] AuthService: server authenticated 'yuzaki' (player 1).
[2026-08-17 18:49:04] [INFO] WorldManager: saved session belongs to 'pl230908', not 'yuzaki'; ignoring it
[2026-08-17 18:49:08] [INFO] AudioManager: playing 'assets/audio/music/Lanterns_Over_the_Lake(world Selection).ogg' (44100 Hz, 2 ch, 30.8s)
[2026-08-17 18:49:14] [INFO] WorldManager: saved world 'start' to C:\Projects\StrixVerse\Client\bin\Debug\saves\world_save.txt
[2026-08-17 18:49:14] [INFO] WorldBrowserScreen: joining world 'start'
[2026-08-17 18:49:15] [INFO] NetworkManager: server placed us in world 'START'.
[2026-08-17 18:49:15] [INFO] NetworkManager: stats - level 1, xp 0, hp 100/100.
[2026-08-17 18:49:15] [INFO] NetworkManager: inventory synced, 3 occupied slot(s).
[2026-08-17 18:49:15] [INFO] World: Created new world instance
[2026-08-17 18:49:15] [INFO] WorldManager: loaded world 'start' from C:\Projects\StrixVerse\Client\bin\Debug\saves\world_save.txt
[2026-08-17 18:49:15] [INFO] LoadingScreen: world data restored for 'start'
[2026-08-17 18:49:15] [INFO] World: Destroyed world instance
[2026-08-17 18:49:16] [INFO] WorldManager: saved world 'start' to C:\Projects\StrixVerse\Client\bin\Debug\saves\world_save.txt
[2026-08-17 18:49:17] [INFO] HUD initialized
[2026-08-17 18:49:17] [INFO] World: Created new world instance
[2026-08-17 18:49:17] [DEBUG] Chunk: Generated random chunk terrain
[2026-08-17 18:49:17] [DEBUG] Chunk: Generated random chunk terrain
[2026-08-17 18:49:17] [DEBUG] Chunk: Generated random chunk terrain
[2026-08-17 18:49:17] [DEBUG] Chunk: Generated random chunk terrain
[2026-08-17 18:49:17] [DEBUG] Chunk: Generated random chunk terrain
[2026-08-17 18:49:17] [DEBUG] Chunk: Generated random chunk terrain
[2026-08-17 18:49:17] [DEBUG] Chunk: Generated random chunk terrain
[2026-08-17 18:49:17] [DEBUG] Chunk: Generated random chunk terrain
[2026-08-17 18:49:17] [DEBUG] Chunk: Generated random chunk terrain
[2026-08-17 18:49:17] [DEBUG] Chunk: Generated random chunk terrain
[2026-08-17 18:49:17] [DEBUG] Chunk: Generated random chunk terrain
[2026-08-17 18:49:17] [DEBUG] Chunk: Generated random chunk terrain
[2026-08-17 18:49:17] [DEBUG] Chunk: Generated random chunk terrain
[2026-08-17 18:49:17] [DEBUG] Chunk: Generated random chunk terrain
[2026-08-17 18:49:17] [DEBUG] Chunk: Generated random chunk terrain
[2026-08-17 18:49:17] [DEBUG] Chunk: Generated random chunk terrain
[2026-08-17 18:49:17] [DEBUG] Chunk: Generated random chunk terrain
[2026-08-17 18:49:17] [DEBUG] Chunk: Generated random chunk terrain
[2026-08-17 18:49:17] [DEBUG] Chunk: Generated random chunk terrain
[2026-08-17 18:49:17] [DEBUG] Chunk: Generated random chunk terrain
[2026-08-17 18:49:17] [DEBUG] Chunk: Generated random chunk terrain
[2026-08-17 18:49:17] [DEBUG] Chunk: Generated random chunk terrain
[2026-08-17 18:49:17] [DEBUG] Chunk: Generated random chunk terrain
[2026-08-17 18:49:17] [DEBUG] Chunk: Generated random chunk terrain
[2026-08-17 18:49:17] [DEBUG] Chunk: Generated random chunk terrain
[2026-08-17 18:49:17] [DEBUG] Chunk: Generated random chunk terrain
[2026-08-17 18:49:17] [DEBUG] Chunk: Generated random chunk terrain
[2026-08-17 18:49:17] [DEBUG] Chunk: Generated random chunk terrain
[2026-08-17 18:49:17] [INFO] World: Generated new world 7x4x1 chunks
[2026-08-17 18:49:17] [INFO] GameScreen: built world from 28 server chunk(s), 4721 solid tile(s)
[2026-08-17 18:49:17] [INFO] GameScreen: entered 'start' (112 x 64 tiles)
[2026-08-17 18:49:17] [INFO] GameScreen: spawned player entity 9999 with camera 9998
[2026-08-17 18:49:17] [INFO] GameScreen: 'yuzaki' (id 1) spawned at tile 50.0,40.0
[2026-08-17 18:49:17] [INFO] Shader program created successfully from source code
[2026-08-17 18:49:17] [INFO] NetworkManager: inventory synced, 3 occupied slot(s).
[2026-08-17 18:49:17] [INFO] GameScreen: landed at tile Y 40 - left ground at 0, rose 40, fell 40
[2026-08-17 18:49:20] [INFO] GameScreen: landed at tile Y 40 - left ground at 40, rose 2, fell 2
[2026-08-17 18:49:21] [INFO] GameScreen: landed at tile Y 40 - left ground at 40, rose 2, fell 2
[2026-08-17 18:49:22] [INFO] GameScreen: landed at tile Y 40 - left ground at 40, rose 2, fell 2
[2026-08-17 18:49:23] [INFO] GameScreen: landed at tile Y 40 - left ground at 40, rose 2, fell 2
[2026-08-17 18:49:24] [INFO] GameScreen: landed at tile Y 40 - left ground at 40, rose 2, fell 2
[2026-08-17 18:49:24] [INFO] GameScreen: landed at tile Y 40 - left ground at 40, rose 2, fell 2
[2026-08-17 18:49:25] [INFO] GameScreen: landed at tile Y 40 - left ground at 40, rose 2, fell 2
[2026-08-17 18:49:26] [INFO] GameScreen: landed at tile Y 41 - left ground at 40, rose 2, fell 2
[2026-08-17 18:49:28] [INFO] GameScreen: landed at tile Y 41 - left ground at 41, rose 2, fell 2
[2026-08-17 18:49:28] [INFO] GameScreen: landed at tile Y 41 - left ground at 41, rose 2, fell 2
[2026-08-17 18:49:32] [INFO] NetworkManager: inventory synced, 3 occupied slot(s).
[2026-08-17 18:49:32] [INFO] NetworkManager: inventory synced, 3 occupied slot(s).
[2026-08-17 18:49:32] [INFO] NetworkManager: inventory synced, 3 occupied slot(s).
[2026-08-17 18:49:34] [INFO] GameScreen: landed at tile Y 41 - left ground at 41, rose 2, fell 2
[2026-08-17 18:49:35] [INFO] GameScreen: landed at tile Y 41 - left ground at 41, rose 2, fell 2
[2026-08-17 18:49:36] [INFO] GameScreen: landed at tile Y 41 - left ground at 41, rose 2, fell 2
[2026-08-17 18:49:37] [INFO] GameScreen: landed at tile Y 41 - left ground at 41, rose 2, fell 2
[2026-08-17 18:49:39] [INFO] GameScreen: landed at tile Y 41 - left ground at 41, rose 2, fell 2
[2026-08-17 18:49:39] [INFO] GameScreen: landed at tile Y 41 - left ground at 41, rose 2, fell 2
[2026-08-17 18:49:40] [INFO] GameScreen: landed at tile Y 40 - left ground at 41, rose 0, fell 1
[2026-08-17 18:49:41] [INFO] GameScreen: landed at tile Y 40 - left ground at 40, rose 2, fell 2
[2026-08-17 18:49:42] [INFO] GameScreen: landed at tile Y 40 - left ground at 40, rose 2, fell 2
[2026-08-17 18:49:44] [INFO] GameScreen: landed at tile Y 40 - left ground at 40, rose 2, fell 2
[2026-08-17 18:49:45] [INFO] GameScreen: landed at tile Y 40 - left ground at 40, rose 2, fell 2
[2026-08-17 18:49:49] [INFO] GameScreen: landed at tile Y 40 - left ground at 40, rose 0, fell 0
[2026-08-17 18:49:50] [INFO] GameScreen: landed at tile Y 40 - left ground at 40, rose 0, fell 0
[2026-08-17 18:49:53] [INFO] NetworkManager: inventory synced, 3 occupied slot(s).
[2026-08-17 18:49:53] [INFO] NetworkManager: inventory synced, 3 occupied slot(s).
[2026-08-17 18:49:54] [INFO] NetworkManager: inventory synced, 3 occupied slot(s).
[2026-08-17 18:49:54] [INFO] NetworkManager: inventory synced, 3 occupied slot(s).
[2026-08-17 18:49:54] [INFO] NetworkManager: inventory synced, 3 occupied slot(s).
[2026-08-17 18:49:55] [INFO] NetworkManager: inventory synced, 3 occupied slot(s).
[2026-08-17 18:49:55] [INFO] NetworkManager: inventory synced, 3 occupied slot(s).
[2026-08-17 18:49:55] [INFO] NetworkManager: inventory synced, 3 occupied slot(s).
[2026-08-17 18:49:58] [INFO] GameScreen: landed at tile Y 38 - left ground at 40, rose 0, fell 2
[2026-08-17 18:49:59] [INFO] NetworkManager: inventory synced, 3 occupied slot(s).
[2026-08-17 18:49:59] [INFO] GameScreen: landed at tile Y 40 - left ground at 38, rose 2, fell 2
[2026-08-17 18:50:00] [INFO] GameScreen: landed at tile Y 38 - left ground at 40, rose 0, fell 2
[2026-08-17 18:50:01] [INFO] NetworkManager: inventory synced, 3 occupied slot(s).
[2026-08-17 18:50:02] [INFO] NetworkManager: inventory synced, 3 occupied slot(s).
[2026-08-17 18:50:02] [INFO] GameScreen: landed at tile Y 37 - left ground at 38, rose 0, fell 1
[2026-08-17 18:50:02] [INFO] NetworkManager: inventory synced, 3 occupied slot(s).
[2026-08-17 18:50:03] [INFO] GameScreen: landed at tile Y 36 - left ground at 37, rose 0, fell 1
[2026-08-17 18:50:04] [INFO] GameScreen: landed at tile Y 35 - left ground at 36, rose 0, fell 1
[2026-08-17 18:50:04] [INFO] NetworkManager: inventory synced, 3 occupied slot(s).
[2026-08-17 18:50:04] [INFO] NetworkManager: inventory synced, 3 occupied slot(s).
[2026-08-17 18:50:05] [INFO] NetworkManager: inventory synced, 3 occupied slot(s).
[2026-08-17 18:50:05] [INFO] GameScreen: landed at tile Y 32 - left ground at 35, rose 0, fell 3
[2026-08-17 18:50:05] [INFO] NetworkManager: inventory synced, 3 occupied slot(s).
[2026-08-17 18:50:06] [INFO] NetworkManager: inventory synced, 3 occupied slot(s).
[2026-08-17 18:50:06] [INFO] GameScreen: landed at tile Y 30 - left ground at 32, rose 0, fell 2
[2026-08-17 18:50:06] [INFO] NetworkManager: inventory synced, 3 occupied slot(s).
[2026-08-17 18:50:06] [INFO] NetworkManager: inventory synced, 3 occupied slot(s).
[2026-08-17 18:50:06] [INFO] GameScreen: landed at tile Y 28 - left ground at 30, rose 0, fell 2
[2026-08-17 18:50:06] [INFO] NetworkManager: inventory synced, 3 occupied slot(s).
[2026-08-17 18:50:06] [INFO] NetworkManager: inventory synced, 3 occupied slot(s).
[2026-08-17 18:50:06] [INFO] GameScreen: landed at tile Y 26 - left ground at 28, rose 0, fell 2
[2026-08-17 18:50:07] [INFO] NetworkManager: inventory synced, 3 occupied slot(s).
[2026-08-17 18:50:07] [INFO] GameScreen: landed at tile Y 25 - left ground at 26, rose 0, fell 1
[2026-08-17 18:50:07] [INFO] NetworkManager: inventory synced, 3 occupied slot(s).
[2026-08-17 18:50:07] [INFO] GameScreen: landed at tile Y 24 - left ground at 25, rose 0, fell 1
[2026-08-17 18:50:07] [INFO] NetworkManager: inventory synced, 3 occupied slot(s).
[2026-08-17 18:50:07] [INFO] NetworkManager: inventory synced, 3 occupied slot(s).
[2026-08-17 18:50:07] [INFO] GameScreen: landed at tile Y 22 - left ground at 24, rose 0, fell 2
[2026-08-17 18:50:07] [INFO] NetworkManager: inventory synced, 3 occupied slot(s).
[2026-08-17 18:50:08] [INFO] GameScreen: landed at tile Y 21 - left ground at 22, rose 0, fell 1
[2026-08-17 18:50:08] [INFO] NetworkManager: inventory synced, 3 occupied slot(s).
[2026-08-17 18:50:08] [INFO] NetworkManager: inventory synced, 3 occupied slot(s).
[2026-08-17 18:50:08] [INFO] GameScreen: landed at tile Y 19 - left ground at 21, rose 0, fell 2
[2026-08-17 18:50:08] [INFO] NetworkManager: inventory synced, 3 occupied slot(s).
[2026-08-17 18:50:08] [INFO] GameScreen: landed at tile Y 18 - left ground at 19, rose 0, fell 1
[2026-08-17 18:50:08] [INFO] NetworkManager: inventory synced, 3 occupied slot(s).
[2026-08-17 18:50:08] [INFO] GameScreen: landed at tile Y 17 - left ground at 18, rose 0, fell 1
[2026-08-17 18:50:08] [INFO] NetworkManager: inventory synced, 3 occupied slot(s).
[2026-08-17 18:50:09] [INFO] NetworkManager: inventory synced, 3 occupied slot(s).
[2026-08-17 18:50:09] [INFO] GameScreen: landed at tile Y 15 - left ground at 17, rose 0, fell 2
[2026-08-17 18:50:09] [INFO] NetworkManager: inventory synced, 3 occupied slot(s).
[2026-08-17 18:50:09] [INFO] NetworkManager: inventory synced, 3 occupied slot(s).
[2026-08-17 18:50:09] [INFO] GameScreen: landed at tile Y 14 - left ground at 15, rose 0, fell 1
[2026-08-17 18:50:09] [INFO] GameScreen: landed at tile Y 13 - left ground at 14, rose 0, fell 1
[2026-08-17 18:50:09] [INFO] NetworkManager: inventory synced, 3 occupied slot(s).
[2026-08-17 18:50:09] [INFO] GameScreen: landed at tile Y 12 - left ground at 13, rose 0, fell 1
[2026-08-17 18:50:09] [INFO] NetworkManager: inventory synced, 3 occupied slot(s).
[2026-08-17 18:50:10] [INFO] NetworkManager: inventory synced, 3 occupied slot(s).
[2026-08-17 18:50:10] [INFO] GameScreen: landed at tile Y 10 - left ground at 12, rose 0, fell 2
[2026-08-17 18:50:10] [INFO] NetworkManager: inventory synced, 3 occupied slot(s).
[2026-08-17 18:50:10] [INFO] GameScreen: landed at tile Y 9 - left ground at 10, rose 0, fell 1
[2026-08-17 18:50:10] [INFO] NetworkManager: inventory synced, 3 occupied slot(s).
[2026-08-17 18:50:10] [INFO] NetworkManager: inventory synced, 3 occupied slot(s).
[2026-08-17 18:50:10] [INFO] GameScreen: landed at tile Y 7 - left ground at 9, rose 0, fell 2
[2026-08-17 18:50:10] [INFO] NetworkManager: inventory synced, 3 occupied slot(s).
[2026-08-17 18:50:11] [INFO] GameScreen: landed at tile Y 6 - left ground at 7, rose 0, fell 1
[2026-08-17 18:50:11] [INFO] NetworkManager: inventory synced, 4 occupied slot(s).
[2026-08-17 18:50:11] [INFO] GameScreen: landed at tile Y 5 - left ground at 6, rose 0, fell 1
[2026-08-17 18:50:11] [INFO] NetworkManager: inventory synced, 4 occupied slot(s).
[2026-08-17 18:50:11] [INFO] GameScreen: landed at tile Y 4 - left ground at 5, rose 0, fell 1
[2026-08-17 18:50:11] [INFO] NetworkManager: inventory synced, 4 occupied slot(s).
[2026-08-17 18:50:11] [INFO] GameScreen: landed at tile Y 3 - left ground at 4, rose 0, fell 1
[2026-08-17 18:50:11] [INFO] NetworkManager: inventory synced, 4 occupied slot(s).
[2026-08-17 18:50:12] [INFO] GameScreen: landed at tile Y 2 - left ground at 3, rose 0, fell 1
[2026-08-17 18:50:16] [INFO] GameScreen: landed at tile Y 2 - left ground at 2, rose 2, fell 2
[2026-08-17 18:50:17] [INFO] GameScreen: landed at tile Y 2 - left ground at 2, rose 2, fell 2
[2026-08-17 18:50:18] [INFO] GameScreen: landed at tile Y 3 - left ground at 2, rose 2, fell 2
[2026-08-17 18:50:19] [INFO] GameScreen: landed at tile Y 4 - left ground at 3, rose 2, fell 2
[2026-08-17 18:50:20] [INFO] GameScreen: landed at tile Y 5 - left ground at 4, rose 2, fell 2
[2026-08-17 18:50:21] [INFO] GameScreen: landed at tile Y 5 - left ground at 5, rose 2, fell 2
[2026-08-17 18:50:22] [INFO] GameScreen: landed at tile Y 5 - left ground at 5, rose 2, fell 2
[2026-08-17 18:50:23] [INFO] GameScreen: landed at tile Y 5 - left ground at 5, rose 2, fell 2
[2026-08-17 18:50:24] [INFO] GameScreen: landed at tile Y 5 - left ground at 5, rose 2, fell 2
[2026-08-17 18:50:25] [INFO] GameScreen: landed at tile Y 5 - left ground at 5, rose 2, fell 2
[2026-08-17 18:50:27] [INFO] World: Destroyed world instance
[2026-08-17 18:50:28] [INFO] WorldManager: deleted save file at C:\Projects\StrixVerse\Client\bin\Debug\saves\world_save.txt
[2026-08-17 18:50:28] [INFO] SettingsScreen: left the world; returning to world selection
[2026-08-17 18:50:29] [INFO] AudioManager: playing 'assets/audio/music/Lanterns_Over_the_Lake(world Selection).ogg' (44100 Hz, 2 ch, 30.8s)
