c:\projects\strixverse\client\build\debug\strixverseclient.dir\debug\camera.obj
c:\projects\strixverse\client\build\debug\strixverseclient.dir\debug\camera2d.obj
c:\projects\strixverse\client\build\debug\strixverseclient.dir\debug\animation.obj
c:\projects\strixverse\client\build\debug\strixverseclient.dir\debug\authservice.obj
c:\projects\strixverse\client\build\debug\strixverseclient.dir\debug\window.obj
c:\projects\strixverse\client\build\debug\strixverseclient.dir\debug\version.obj
c:\projects\strixverse\client\build\debug\strixverseclient.dir\debug\timer.obj
c:\projects\strixverse\client\build\debug\strixverseclient.dir\debug\threadpool.obj
c:\projects\strixverse\client\build\debug\strixverseclient.dir\debug\logger.obj
c:\projects\strixverse\client\build\debug\strixverseclient.dir\debug\config.obj
c:\projects\strixverse\client\build\debug\strixverseclient.dir\debug\packetsender.obj
c:\projects\strixverse\client\build\debug\strixverseclient.dir\debug\packetreader.obj
c:\projects\strixverse\client\build\debug\strixverseclient.dir\debug\packetregistry.obj
c:\projects\strixverse\client\build\debug\strixverseclient.dir\debug\packetdispatcher.obj
c:\projects\strixverse\client\build\debug\strixverseclient.dir\debug\packetfactory.obj
c:\projects\strixverse\client\build\debug\strixverseclient.dir\debug\packetbuffer.obj
c:\projects\strixverse\client\build\debug\strixverseclient.dir\debug\packet.obj
c:\projects\strixverse\client\build\debug\strixverseclient.dir\debug\networkmanager.obj
c:\projects\strixverse\client\build\debug\strixverseclient.dir\debug\connection.obj
c:\projects\strixverse\client\build\debug\strixverseclient.dir\debug\glcontext.obj
c:\projects\strixverse\client\build\debug\strixverseclient.dir\debug\vertex.obj
c:\projects\strixverse\client\build\debug\strixverseclient.dir\debug\texture.obj
c:\projects\strixverse\client\build\debug\strixverseclient.dir\debug\spritebatch.obj
c:\projects\strixverse\client\build\debug\strixverseclient.dir\debug\shader.obj
c:\projects\strixverse\client\build\debug\strixverseclient.dir\debug\rendertarget.obj
c:\projects\strixverse\client\build\debug\strixverseclient.dir\debug\renderer.obj
c:\projects\strixverse\client\build\debug\strixverseclient.dir\debug\mesh.obj
c:\projects\strixverse\client\build\debug\strixverseclient.dir\debug\framebuffer.obj
c:\projects\strixverse\client\build\debug\strixverseclient.dir\debug\font.obj
c:\projects\strixverse\client\build\debug\strixverseclient.dir\debug\color.obj
c:\projects\strixverse\client\build\debug\strixverseclient.dir\debug\entity.obj
c:\projects\strixverse\client\build\debug\strixverseclient.dir\debug\sessionpacket.obj
c:\projects\strixverse\client\build\debug\strixverseclient.dir\debug\registerpacket.obj
c:\projects\strixverse\client\build\debug\strixverseclient.dir\debug\playerstatepacket.obj
c:\projects\strixverse\client\build\debug\strixverseclient.dir\debug\playerspawnpacket.obj
c:\projects\strixverse\client\build\debug\strixverseclient.dir\debug\playerremovepacket.obj
c:\projects\strixverse\client\build\debug\strixverseclient.dir\debug\playermovepacket.obj
c:\projects\strixverse\client\build\debug\strixverseclient.dir\debug\pongpacket.obj
c:\projects\strixverse\client\build\debug\strixverseclient.dir\debug\pingpacket.obj
c:\projects\strixverse\client\build\debug\strixverseclient.dir\debug\networkstatistics.obj
c:\projects\strixverse\client\build\debug\strixverseclient.dir\debug\loginresultpacket.obj
c:\projects\strixverse\client\build\debug\strixverseclient.dir\debug\loginpacket.obj
c:\projects\strixverse\client\build\debug\strixverseclient.dir\debug\keepalivepacket.obj
c:\projects\strixverse\client\build\debug\strixverseclient.dir\debug\keepalive.obj
c:\projects\strixverse\client\build\debug\strixverseclient.dir\debug\handshakepacket.obj
c:\projects\strixverse\client\build\debug\strixverseclient.dir\debug\characterpacket.obj
c:\projects\strixverse\client\build\debug\strixverseclient.dir\debug\packetwriter.obj
c:\projects\strixverse\client\build\debug\strixverseclient.dir\debug\packethandler.obj
c:\projects\strixverse\client\build\debug\strixverseclient.dir\debug\uimanager.obj
c:\projects\strixverse\client\build\debug\strixverseclient.dir\debug\uielement.obj
c:\projects\strixverse\client\build\debug\strixverseclient.dir\debug\assetmanager.obj
c:\projects\strixverse\client\build\debug\strixverseclient.dir\debug\engine.obj
c:\projects\strixverse\client\build\debug\strixverseclient.dir\debug\networksyncsystem.obj
c:\projects\strixverse\client\build\debug\strixverseclient.dir\debug\movementsystem.obj
c:\projects\strixverse\client\build\debug\strixverseclient.dir\debug\systemmanager.obj
c:\projects\strixverse\client\build\debug\strixverseclient.dir\debug\componentmanager.obj
c:\projects\strixverse\client\build\debug\strixverseclient.dir\debug\entitymanager.obj
c:\projects\strixverse\client\build\debug\strixverseclient.dir\debug\game.obj
c:\projects\strixverse\client\build\debug\strixverseclient.dir\debug\application.obj
c:\projects\strixverse\client\build\debug\strixverseclient.dir\debug\main.obj
c:\projects\strixverse\client\build\debug\strixverseclient.dir\debug\hud.obj
c:\projects\strixverse\client\build\debug\strixverseclient.dir\debug\settingsscreen.obj
c:\projects\strixverse\client\build\debug\strixverseclient.dir\debug\worldbrowserscreen.obj
c:\projects\strixverse\client\build\debug\strixverseclient.dir\debug\continuescreen.obj
c:\projects\strixverse\client\build\debug\strixverseclient.dir\debug\registerscreen.obj
c:\projects\strixverse\client\build\debug\strixverseclient.dir\debug\loginscreen.obj
c:\projects\strixverse\client\build\debug\strixverseclient.dir\debug\loadingscreen.obj
c:\projects\strixverse\client\build\debug\strixverseclient.dir\debug\screenfactory.obj
c:\projects\strixverse\client\build\debug\strixverseclient.dir\debug\rendersystem.obj
c:\projects\strixverse\client\build\debug\strixverseclient.dir\debug\playersystem.obj
c:\projects\strixverse\client\build\debug\strixverseclient.dir\debug\inputsystem.obj
c:\projects\strixverse\client\build\debug\strixverseclient.dir\debug\pingmanager.obj
c:\projects\strixverse\client\build\debug\strixverseclient.dir\debug\world.obj
c:\projects\strixverse\client\build\debug\strixverseclient.dir\debug\worldmanager.obj
c:\projects\strixverse\client\build\debug\strixverseclient.dir\debug\scheduler.obj
c:\projects\strixverse\client\build\debug\strixverseclient.dir\debug\tilerenderersystem.obj
c:\projects\strixverse\client\build\debug\strixverseclient.dir\debug\camera2dsystem.obj
c:\projects\strixverse\client\build\debug\strixverseclient.dir\debug\chunk.obj
c:\projects\strixverse\client\build\debug\strixverseclient.dir\debug\tile.obj
c:\projects\strixverse\client\build\debug\strixverseclient.dir\debug\uitextbox.obj
c:\projects\strixverse\client\build\debug\strixverseclient.dir\debug\uibutton.obj
c:\projects\strixverse\client\build\debug\strixverseclient.dir\debug\uipanel.obj
c:\projects\strixverse\client\build\debug\strixverseclient.dir\debug\gamescreen.obj
c:\projects\strixverse\client\build\debug\strixverseclient.dir\debug\splashscreen.obj
c:\projects\strixverse\client\build\debug\strixverseclient.dir\debug\uilabel.obj
c:\projects\strixverse\client\build\debug\strixverseclient.dir\debug\uiimage.obj
c:\projects\strixverse\client\build\debug\strixverseclient.dir\debug\screen.obj
c:\projects\strixverse\client\build\debug\strixverseclient.dir\debug\vc145.pdb
c:\projects\strixverse\client\build\debug\strixverseclient.dir\debug\packetserializer.obj
c:\projects\strixverse\client\build\debug\cmakefiles\generate.stamp
c:\projects\strixverse\client\bin\debug\strixverseclient.exe
c:\projects\strixverse\client\bin\debug\strixverseclient.pdb
c:\projects\strixverse\client\build\debug\strixverseclient.dir\debug\client.res
c:\projects\strixverse\client\build\debug\strixverseclient.dir\debug\strixverseclient.ilk
c:\projects\strixverse\client\build\debug\strixverseclient.dir\debug\strixverseclient.tlog\cl.command.1.tlog
c:\projects\strixverse\client\build\debug\strixverseclient.dir\debug\strixverseclient.tlog\cl.items.tlog
c:\projects\strixverse\client\build\debug\strixverseclient.dir\debug\strixverseclient.tlog\cl.read.1.tlog
c:\projects\strixverse\client\build\debug\strixverseclient.dir\debug\strixverseclient.tlog\cl.write.1.tlog
c:\projects\strixverse\client\build\debug\strixverseclient.dir\debug\strixverseclient.tlog\custombuild.command.1.tlog
c:\projects\strixverse\client\build\debug\strixverseclient.dir\debug\strixverseclient.tlog\custombuild.read.1.tlog
c:\projects\strixverse\client\build\debug\strixverseclient.dir\debug\strixverseclient.tlog\custombuild.write.1.tlog
c:\projects\strixverse\client\build\debug\strixverseclient.dir\debug\strixverseclient.tlog\link.command.1.tlog
c:\projects\strixverse\client\build\debug\strixverseclient.dir\debug\strixverseclient.tlog\link.read.1.tlog
c:\projects\strixverse\client\build\debug\strixverseclient.dir\debug\strixverseclient.tlog\link.secondary.1.tlog
c:\projects\strixverse\client\build\debug\strixverseclient.dir\debug\strixverseclient.tlog\link.write.1.tlog
c:\projects\strixverse\client\build\debug\strixverseclient.dir\debug\strixverseclient.tlog\rc.command.1.tlog
c:\projects\strixverse\client\build\debug\strixverseclient.dir\debug\strixverseclient.tlog\rc.read.1.tlog
c:\projects\strixverse\client\build\debug\strixverseclient.dir\debug\strixverseclient.tlog\rc.write.1.tlog
